2015-12-19 23:58:52    

2015-12-20 14:08:06    

2015-12-20 14:24:18    

2015-12-20 14:25:41    

2015-12-20 14:27:48    

2015-12-20 17:50:56    

2015-12-20 17:50:56     register Array
2015-12-20 17:52:33    

2015-12-20 17:52:33     register Array
2015-12-20 17:54:03    

2015-12-20 17:54:03     register Array
2015-12-20 17:55:34    

2015-12-20 17:57:00    

2015-12-20 17:59:02    

2015-12-20 19:27:46    

2015-12-20 19:32:58    

2015-12-20 19:36:27    

2015-12-20 19:38:23    

2015-12-20 19:39:34    

2015-12-20 19:45:13    

2015-12-20 19:48:05    

2015-12-21 03:21:25    

2015-12-21 22:06:53    

2015-12-21 22:08:24    

2015-12-21 22:09:18    

2015-12-21 22:10:00    

2015-12-22 19:17:51    

2015-12-22 19:19:54    

2015-12-22 19:22:36    

2015-12-22 19:25:16    

2015-12-22 19:47:59    

2015-12-23 00:06:59    

2015-12-23 00:12:15    

2015-12-23 00:18:18    

2015-12-23 01:09:24    

2015-12-23 02:47:54    

2015-12-23 16:10:46    

2015-12-23 18:34:19    

2015-12-24 07:19:01     register Array
